../Src/main.c:18:6:task3	4	static
../Src/main.c:23:6:task0	16	static
../Src/main.c:36:6:task1	8	static
../Src/main.c:47:6:task2	8	static
../Src/main.c:58:6:task4	4	static
../Src/main.c:64:6:task5	4	static
../Src/main.c:70:6:task6	4	static
../Src/main.c:76:6:task7	16	static
../Src/main.c:89:6:initializeSemaphores	8	static
../Src/main.c:96:5:main	8	static
../Src/main.c:127:6:TIM2_IRQHandler	4	static
../Src/main.c:136:6:motor_run	8	static
../Src/main.c:141:6:motor_stop	8	static
../Src/main.c:146:6:valve_open	8	static
../Src/main.c:151:6:valve_close	8	static
