Archive member included to satisfy reference by file (symbol)

/opt/st/stm32cubeide_1.15.1_2/plugins/com.st.stm32cube.ide.mcu.externaltools.gnu-tools-for-stm32.12.3.rel1.linux64_1.0.100.202403111256/tools/bin/../lib/gcc/arm-none-eabi/12.3.1/../../../../arm-none-eabi/lib/thumb/v7e-m/nofp/libc_nano.a(libc_a-exit.o)
                              /opt/st/stm32cubeide_1.15.1_2/plugins/com.st.stm32cube.ide.mcu.externaltools.gnu-tools-for-stm32.12.3.rel1.linux64_1.0.100.202403111256/tools/bin/../lib/gcc/arm-none-eabi/12.3.1/../../../../arm-none-eabi/lib/thumb/v7e-m/nofp/crt0.o (exit)
/opt/st/stm32cubeide_1.15.1_2/plugins/com.st.stm32cube.ide.mcu.externaltools.gnu-tools-for-stm32.12.3.rel1.linux64_1.0.100.202403111256/tools/bin/../lib/gcc/arm-none-eabi/12.3.1/../../../../arm-none-eabi/lib/thumb/v7e-m/nofp/libc_nano.a(libc_a-findfp.o)
                              /opt/st/stm32cubeide_1.15.1_2/plugins/com.st.stm32cube.ide.mcu.externaltools.gnu-tools-for-stm32.12.3.rel1.linux64_1.0.100.202403111256/tools/bin/../lib/gcc/arm-none-eabi/12.3.1/../../../../arm-none-eabi/lib/thumb/v7e-m/nofp/libc_nano.a(libc_a-exit.o) (__stdio_exit_handler)
/opt/st/stm32cubeide_1.15.1_2/plugins/com.st.stm32cube.ide.mcu.externaltools.gnu-tools-for-stm32.12.3.rel1.linux64_1.0.100.202403111256/tools/bin/../lib/gcc/arm-none-eabi/12.3.1/../../../../arm-none-eabi/lib/thumb/v7e-m/nofp/libc_nano.a(libc_a-fwalk.o)
                              /opt/st/stm32cubeide_1.15.1_2/plugins/com.st.stm32cube.ide.mcu.externaltools.gnu-tools-for-stm32.12.3.rel1.linux64_1.0.100.202403111256/tools/bin/../lib/gcc/arm-none-eabi/12.3.1/../../../../arm-none-eabi/lib/thumb/v7e-m/nofp/libc_nano.a(libc_a-findfp.o) (_fwalk_sglue)
/opt/st/stm32cubeide_1.15.1_2/plugins/com.st.stm32cube.ide.mcu.externaltools.gnu-tools-for-stm32.12.3.rel1.linux64_1.0.100.202403111256/tools/bin/../lib/gcc/arm-none-eabi/12.3.1/../../../../arm-none-eabi/lib/thumb/v7e-m/nofp/libc_nano.a(libc_a-printf.o)
                              ./Src/main.o (printf)
/opt/st/stm32cubeide_1.15.1_2/plugins/com.st.stm32cube.ide.mcu.externaltools.gnu-tools-for-stm32.12.3.rel1.linux64_1.0.100.202403111256/tools/bin/../lib/gcc/arm-none-eabi/12.3.1/../../../../arm-none-eabi/lib/thumb/v7e-m/nofp/libc_nano.a(libc_a-stdio.o)
                              /opt/st/stm32cubeide_1.15.1_2/plugins/com.st.stm32cube.ide.mcu.externaltools.gnu-tools-for-stm32.12.3.rel1.linux64_1.0.100.202403111256/tools/bin/../lib/gcc/arm-none-eabi/12.3.1/../../../../arm-none-eabi/lib/thumb/v7e-m/nofp/libc_nano.a(libc_a-findfp.o) (__sread)
/opt/st/stm32cubeide_1.15.1_2/plugins/com.st.stm32cube.ide.mcu.externaltools.gnu-tools-for-stm32.12.3.rel1.linux64_1.0.100.202403111256/tools/bin/../lib/gcc/arm-none-eabi/12.3.1/../../../../arm-none-eabi/lib/thumb/v7e-m/nofp/libc_nano.a(libc_a-memset.o)
                              /opt/st/stm32cubeide_1.15.1_2/plugins/com.st.stm32cube.ide.mcu.externaltools.gnu-tools-for-stm32.12.3.rel1.linux64_1.0.100.202403111256/tools/bin/../lib/gcc/arm-none-eabi/12.3.1/../../../../arm-none-eabi/lib/thumb/v7e-m/nofp/crt0.o (memset)
/opt/st/stm32cubeide_1.15.1_2/plugins/com.st.stm32cube.ide.mcu.externaltools.gnu-tools-for-stm32.12.3.rel1.linux64_1.0.100.202403111256/tools/bin/../lib/gcc/arm-none-eabi/12.3.1/../../../../arm-none-eabi/lib/thumb/v7e-m/nofp/libc_nano.a(libc_a-closer.o)
                              /opt/st/stm32cubeide_1.15.1_2/plugins/com.st.stm32cube.ide.mcu.externaltools.gnu-tools-for-stm32.12.3.rel1.linux64_1.0.100.202403111256/tools/bin/../lib/gcc/arm-none-eabi/12.3.1/../../../../arm-none-eabi/lib/thumb/v7e-m/nofp/libc_nano.a(libc_a-stdio.o) (_close_r)
/opt/st/stm32cubeide_1.15.1_2/plugins/com.st.stm32cube.ide.mcu.externaltools.gnu-tools-for-stm32.12.3.rel1.linux64_1.0.100.202403111256/tools/bin/../lib/gcc/arm-none-eabi/12.3.1/../../../../arm-none-eabi/lib/thumb/v7e-m/nofp/libc_nano.a(libc_a-reent.o)
                              /opt/st/stm32cubeide_1.15.1_2/plugins/com.st.stm32cube.ide.mcu.externaltools.gnu-tools-for-stm32.12.3.rel1.linux64_1.0.100.202403111256/tools/bin/../lib/gcc/arm-none-eabi/12.3.1/../../../../arm-none-eabi/lib/thumb/v7e-m/nofp/libc_nano.a(libc_a-closer.o) (errno)
/opt/st/stm32cubeide_1.15.1_2/plugins/com.st.stm32cube.ide.mcu.externaltools.gnu-tools-for-stm32.12.3.rel1.linux64_1.0.100.202403111256/tools/bin/../lib/gcc/arm-none-eabi/12.3.1/../../../../arm-none-eabi/lib/thumb/v7e-m/nofp/libc_nano.a(libc_a-impure.o)
                              /opt/st/stm32cubeide_1.15.1_2/plugins/com.st.stm32cube.ide.mcu.externaltools.gnu-tools-for-stm32.12.3.rel1.linux64_1.0.100.202403111256/tools/bin/../lib/gcc/arm-none-eabi/12.3.1/../../../../arm-none-eabi/lib/thumb/v7e-m/nofp/libc_nano.a(libc_a-printf.o) (_impure_ptr)
/opt/st/stm32cubeide_1.15.1_2/plugins/com.st.stm32cube.ide.mcu.externaltools.gnu-tools-for-stm32.12.3.rel1.linux64_1.0.100.202403111256/tools/bin/../lib/gcc/arm-none-eabi/12.3.1/../../../../arm-none-eabi/lib/thumb/v7e-m/nofp/libc_nano.a(libc_a-lseekr.o)
[...]
Memory Configuration

Name             Origin             Length             Attributes
RAM              0x20000000         0x00020000         xrw
FLASH            0x08000000         0x00080000         xr
*default*        0x00000000         0xffffffff

Linker script and memory map

LOAD /opt/st/stm32cubeide_1.15.1_2/plugins/com.st.stm32cube.ide.mcu.externaltools.gnu-tools-for-stm32.12.3.rel1.linux64_1.0.100.202403111256/tools/bin/../lib/gcc/arm-none-eabi/12.3.1/thumb/v7e-m/nofp/crti.o
LOAD /opt/st/stm32cubeide_1.15.1_2/plugins/com.st.stm32cube.ide.mcu.externaltools.gnu-tools-for-stm32.12.3.rel1.linux64_1.0.100.202403111256/tools/bin/../lib/gcc/arm-none-eabi/12.3.1/thumb/v7e-m/nofp/crtbegin.o
LOAD /opt/st/stm32cubeide_1.15.1_2/plugins/com.st.stm32cube.ide.mcu.externaltools.gnu-tools-for-stm32.12.3.rel1.linux64_1.0.100.202403111256/tools/bin/../lib/gcc/arm-none-eabi/12.3.1/../../../../arm-none-eabi/lib/thumb/v7e-m/nofp/crt0.o
LOAD ./Src/led.o
LOAD ./Src/main.o
LOAD ./Src/osKernel.o
LOAD ./Src/syscalls.o
LOAD ./Src/sysmem.o
LOAD ./Src/uart.o
LOAD ./Startup/startup_stm32f446retx.o
START GROUP
LOAD /opt/st/stm32cubeide_1.15.1_2/plugins/com.st.stm32cube.ide.mcu.externaltools.gnu-tools-for-stm32.12.3.rel1.linux64_1.0.100.202403111256/tools/bin/../lib/gcc/arm-none-eabi/12.3.1/../../../../arm-none-eabi/lib/thumb/v7e-m/nofp/libc_nano.a
LOAD /opt/st/stm32cubeide_1.15.1_2/plugins/com.st.stm32cube.ide.mcu.externaltools.gnu-tools-for-stm32.12.3.rel1.linux64_1.0.100.202403111256/tools/bin/../lib/gcc/arm-none-eabi/12.3.1/../../../../arm-none-eabi/lib/thumb/v7e-m/nofp/libm.a
END GROUP
START GROUP
LOAD /opt/st/stm32cubeide_1.15.1_2/plugins/com.st.stm32cube.ide.mcu.externaltools.gnu-tools-for-stm32.12.3.rel1.linux64_1.0.100.202403111256/tools/bin/../lib/gcc/arm-none-eabi/12.3.1/thumb/v7e-m/nofp/libgcc.a
LOAD /opt/st/stm32cubeide_1.15.1_2/plugins/com.st.stm32cube.ide.mcu.externaltools.gnu-tools-for-stm32.12.3.rel1.linux64_1.0.100.202403111256/tools/bin/../lib/gcc/arm-none-eabi/12.3.1/../../../../arm-none-eabi/lib/thumb/v7e-m/nofp/libc_nano.a
END GROUP
START GROUP
LOAD /opt/st/stm32cubeide_1.15.1_2/plugins/com.st.stm32cube.ide.mcu.externaltools.gnu-tools-for-stm32.12.3.rel1.linux64_1.0.100.202403111256/tools/bin/../lib/gcc/arm-none-eabi/12.3.1/thumb/v7e-m/nofp/libgcc.a
LOAD /opt/st/stm32cubeide_1.15.1_2/plugins/com.st.stm32cube.ide.mcu.externaltools.gnu-tools-for-stm32.12.3.rel1.linux64_1.0.100.202403111256/tools/bin/../lib/gcc/arm-none-eabi/12.3.1/../../../../arm-none-eabi/lib/thumb/v7e-m/nofp/libc_nano.a
LOAD /opt/st/stm32cubeide_1.15.1_2/plugins/com.st.stm32cube.ide.mcu.externaltools.gnu-tools-for-stm32.12.3.rel1.linux64_1.0.100.202403111256/tools/bin/../lib/gcc/arm-none-eabi/12.3.1/../../../../arm-none-eabi/lib/thumb/v7e-m/nofp/libnosys.a
END GROUP
START GROUP
LOAD /opt/st/stm32cubeide_1.15.1_2/plugins/com.st.stm32cube.ide.mcu.externaltools.gnu-tools-for-stm32.12.3.rel1.linux64_1.0.100.202403111256/tools/bin/../lib/gcc/arm-none-eabi/12.3.1/thumb/v7e-m/nofp/libgcc.a
LOAD /opt/st/stm32cubeide_1.15.1_2/plugins/com.st.stm32cube.ide.mcu.externaltools.gnu-tools-for-stm32.12.3.rel1.linux64_1.0.100.202403111256/tools/bin/../lib/gcc/arm-none-eabi/12.3.1/../../../../arm-none-eabi/lib/thumb/v7e-m/nofp/libc_nano.a
LOAD /opt/st/stm32cubeide_1.15.1_2/plugins/com.st.stm32cube.ide.mcu.externaltools.gnu-tools-for-stm32.12.3.rel1.linux64_1.0.100.202403111256/tools/bin/../lib/gcc/arm-none-eabi/12.3.1/../../../../arm-none-eabi/lib/thumb/v7e-m/nofp/libnosys.a
END GROUP
LOAD /opt/st/stm32cubeide_1.15.1_2/plugins/com.st.stm32cube.ide.mcu.externaltools.gnu-tools-for-stm32.12.3.rel1.linux64_1.0.100.202403111256/tools/bin/../lib/gcc/arm-none-eabi/12.3.1/thumb/v7e-m/nofp/crtend.o
LOAD /opt/st/stm32cubeide_1.15.1_2/plugins/com.st.stm32cube.ide.mcu.externaltools.gnu-tools-for-stm32.12.3.rel1.linux64_1.0.100.202403111256/tools/bin/../lib/gcc/arm-none-eabi/12.3.1/thumb/v7e-m/nofp/crtn.o
                0x20020000                        _estack = (ORIGIN (RAM) + LENGTH (RAM))
                0x00000200                        _Min_Heap_Size = 0x200
                0x00000400                        _Min_Stack_Size = 0x400

.isr_vector     0x08000000      0x1c4
                0x08000000                        . = ALIGN (0x4)
 *(.isr_vector)
 .isr_vector    0x08000000      0x1c4 ./Startup/startup_stm32f446retx.o
                0x08000000                g_pfnVectors
                0x080001c4                        . = ALIGN (0x4)

.text           0x080001c4      0x5f0
                0x080001c4                        . = ALIGN (0x4)
 *(.text)
 .text          0x080001c4       0x40 /opt/st/stm32cubeide_1.15.1_2/plugins/com.st.stm32cube.ide.mcu.externaltools.gnu-tools-for-stm32.12.3.rel1.linux64_1.0.100.202403111256/tools/bin/../lib/gcc/arm-none-eabi/12.3.1/thumb/v7e-m/nofp/crtbegin.o
 *(.text*)
 .text.task3    0x08000204       0x1c ./Src/main.o
                0x08000204                task3
 .text.task0    0x08000220       0x1c ./Src/main.o
                0x08000220                task0
 .text.task1    0x0800023c       0x14 ./Src/main.o
                0x0800023c                task1
 .text.task2    0x08000250       0x14 ./Src/main.o
                0x08000250                task2
 .text.main     0x08000264       0x30 ./Src/main.o
                0x08000264                main
 .text.__NVIC_SetPriority
                0x08000294       0x54 ./Src/osKernel.o
 .text.osKernelStackInit
                0x080002e8      0x19c ./Src/osKernel.o
                0x080002e8                osKernelStackInit
 .text.osKernelAddThreads
                0x08000484       0x78 ./Src/osKernel.o
                0x08000484                osKernelAddThreads
 .text.osKernelInit
                0x080004fc       0x18 ./Src/osKernel.o
                0x080004fc                osKernelInit
 .text.osKernelLaunch
                0x08000514       0x54 ./Src/osKernel.o
                0x08000514                osKernelLaunch
 .text.SysTick_Handler
                0x08000568       0x2c ./Src/osKernel.o
                0x08000568                SysTick_Handler
 .text.osSchedulerLaunch
                0x08000594       0x30 ./Src/osKernel.o
                0x08000594                osSchedulerLaunch
 .text.osThreadYield
                0x080005c4       0x24 ./Src/osKernel.o
                0x080005c4                osThreadYield
 .text.osSchedulerRoundRobin
                0x080005e8       0x38 ./Src/osKernel.o
                0x080005e8                osSchedulerRoundRobin
 .text.uart_tx_init
                0x08000620       0x94 ./Src/uart.o
                0x08000620                uart_tx_init
 .text.uart_set_baudrate
                0x080006b4       0x28 ./Src/uart.o
 .text.compute_uart_bd
                0x080006dc       0x24 ./Src/uart.o
 .text.Reset_Handler
                0x08000700       0x50 ./Startup/startup_stm32f446retx.o
                0x08000700                Reset_Handler
 .text.Default_Handler
                0x08000750        0x2 ./Startup/startup_stm32f446retx.o
                0x08000750                RTC_Alarm_IRQHandler
                0x08000750                EXTI2_IRQHandler
                0x08000750                TIM8_CC_IRQHandler
                0x08000750                SPDIF_Rx_IRQHandler
                0x08000750                DebugMon_Handler
                0x08000750                SPI4_IRQHandler
                0x08000750                TIM1_CC_IRQHandler
                0x08000750                QuadSPI_IRQHandler
                0x08000750                DMA2_Stream5_IRQHandler
                0x08000750                HardFault_Handler
                0x08000750                DMA1_Stream5_IRQHandler
                0x08000750                PVD_IRQHandler
                0x08000750                SDIO_IRQHandler
                0x08000750                TAMP_STAMP_IRQHandler
                0x08000750                PendSV_Handler
                0x08000750                NMI_Handler
                0x08000750                CAN2_RX1_IRQHandler
                0x08000750                EXTI3_IRQHandler
                0x08000750                TIM8_TRG_COM_TIM14_IRQHandler
                0x08000750                TIM1_UP_TIM10_IRQHandler
                0x08000750                FMPI2C1_error_IRQHandler
                0x08000750                TIM8_UP_TIM13_IRQHandler
                0x08000750                I2C3_ER_IRQHandler
                0x08000750                EXTI0_IRQHandler
                0x08000750                I2C2_EV_IRQHandler
                0x08000750                DMA1_Stream2_IRQHandler
                0x08000750                CAN1_RX0_IRQHandler
                0x08000750                OTG_HS_WKUP_IRQHandler
                0x08000750                UsageFault_Handler
                0x08000750                CAN2_SCE_IRQHandler
                0x08000750                DMA2_Stream2_IRQHandler
                0x08000750                SPI1_IRQHandler
                0x08000750                TIM6_DAC_IRQHandler
                0x08000750                TIM1_BRK_TIM9_IRQHandler
                0x08000750                DCMI_IRQHandler
                0x08000750                CAN2_RX0_IRQHandler
                0x08000750                DMA2_Stream3_IRQHandler
                0x08000750                FMPI2C1_IRQHandler
                0x08000750                SAI2_IRQHandler
                0x08000750                USART6_IRQHandler
                0x08000750                USART3_IRQHandler
                0x08000750                CAN1_RX1_IRQHandler
                0x08000750                UART5_IRQHandler
                0x08000750                DMA2_Stream0_IRQHandler
                0x08000750                TIM4_IRQHandler
                0x08000750                I2C1_EV_IRQHandler
                0x08000750                HDMI_CEC_IRQHandler
                0x08000750                DMA1_Stream6_IRQHandler
                0x08000750                DMA1_Stream1_IRQHandler
                0x08000750                UART4_IRQHandler
                0x08000750                TIM3_IRQHandler
                0x08000750                RCC_IRQHandler
                0x08000750                TIM8_BRK_TIM12_IRQHandler
                0x08000750                Default_Handler
                0x08000750                EXTI15_10_IRQHandler
                0x08000750                ADC_IRQHandler
                0x08000750                DMA1_Stream7_IRQHandler
                0x08000750                TIM7_IRQHandler
                0x08000750                CAN2_TX_IRQHandler
                0x08000750                TIM5_IRQHandler
                0x08000750                DMA2_Stream7_IRQHandler
                0x08000750                I2C3_EV_IRQHandler
                0x08000750                EXTI9_5_IRQHandler
                0x08000750                RTC_WKUP_IRQHandler
                0x08000750                SPI2_IRQHandler
                0x08000750                OTG_HS_EP1_IN_IRQHandler
                0x08000750                MemManage_Handler
                0x08000750                DMA1_Stream0_IRQHandler
                0x08000750                CAN1_TX_IRQHandler
                0x08000750                SVC_Handler
                0x08000750                EXTI4_IRQHandler
                0x08000750                OTG_HS_EP1_OUT_IRQHandler
                0x08000750                WWDG_IRQHandler
                0x08000750                TIM2_IRQHandler
                0x08000750                OTG_FS_WKUP_IRQHandler
                0x08000750                TIM1_TRG_COM_TIM11_IRQHandler
                0x08000750                OTG_HS_IRQHandler
                0x08000750                EXTI1_IRQHandler
                0x08000750                USART2_IRQHandler
                0x08000750                I2C2_ER_IRQHandler
                0x08000750                DMA2_Stream1_IRQHandler
                0x08000750                CAN1_SCE_IRQHandler
                0x08000750                FLASH_IRQHandler
                0x08000750                DMA2_Stream4_IRQHandler
                0x08000750                BusFault_Handler
                0x08000750                USART1_IRQHandler
                0x08000750                OTG_FS_IRQHandler
                0x08000750                SPI3_IRQHandler
                0x08000750                DMA1_Stream4_IRQHandler
                0x08000750                I2C1_ER_IRQHandler
                0x08000750                FMC_IRQHandler
                0x08000750                DMA2_Stream6_IRQHandler
                0x08000750                SAI1_IRQHandler
                0x08000750                DMA1_Stream3_IRQHandler
 *fill*         0x08000752        0x2 
 .text.__libc_init_array
                0x08000754       0x48 /opt/st/stm32cubeide_1.15.1_2/plugins/com.st.stm32cube.ide.mcu.externaltools.gnu-tools-for-stm32.12.3.rel1.linux64_1.0.100.202403111256/tools/bin/../lib/gcc/arm-none-eabi/12.3.1/../../../../arm-none-eabi/lib/thumb/v7e-m/nofp/libc_nano.a(libc_a-init.o)
                0x08000754                __libc_init_array
 *(.glue_7)
 .glue_7        0x0800079c        0x0 linker stubs
 *(.glue_7t)
 .glue_7t       0x0800079c        0x0 linker stubs
 *(.eh_frame)
 .eh_frame      0x0800079c        0x0 /opt/st/stm32cubeide_1.15.1_2/plugins/com.st.stm32cube.ide.mcu.externaltools.gnu-tools-for-stm32.12.3.rel1.linux64_1.0.100.202403111256/tools/bin/../lib/gcc/arm-none-eabi/12.3.1/thumb/v7e-m/nofp/crtbegin.o
 *(.init)
 .init          0x0800079c        0x4 /opt/st/stm32cubeide_1.15.1_2/plugins/com.st.stm32cube.ide.mcu.externaltools.gnu-tools-for-stm32.12.3.rel1.linux64_1.0.100.202403111256/tools/bin/../lib/gcc/arm-none-eabi/12.3.1/thumb/v7e-m/nofp/crti.o
                0x0800079c                _init
 .init          0x080007a0        0x8 /opt/st/stm32cubeide_1.15.1_2/plugins/com.st.stm32cube.ide.mcu.externaltools.gnu-tools-for-stm32.12.3.rel1.linux64_1.0.100.202403111256/tools/bin/../lib/gcc/arm-none-eabi/12.3.1/thumb/v7e-m/nofp/crtn.o
 *(.fini)
 .fini          0x080007a8        0x4 /opt/st/stm32cubeide_1.15.1_2/plugins/com.st.stm32cube.ide.mcu.externaltools.gnu-tools-for-stm32.12.3.rel1.linux64_1.0.100.202403111256/tools/bin/../lib/gcc/arm-none-eabi/12.3.1/thumb/v7e-m/nofp/crti.o
                0x080007a8                _fini
 .fini          0x080007ac        0x8 /opt/st/stm32cubeide_1.15.1_2/plugins/com.st.stm32cube.ide.mcu.externaltools.gnu-tools-for-stm32.12.3.rel1.linux64_1.0.100.202403111256/tools/bin/../lib/gcc/arm-none-eabi/12.3.1/thumb/v7e-m/nofp/crtn.o
                0x080007b4                        . = ALIGN (0x4)
                0x080007b4                        _etext = .

.vfp11_veneer   0x080007b4        0x0
 .vfp11_veneer  0x080007b4        0x0 linker stubs

.v4_bx          0x080007b4        0x0
 .v4_bx         0x080007b4        0x0 linker stubs

.iplt           0x080007b4        0x0
 .iplt          0x080007b4        0x0 /opt/st/stm32cubeide_1.15.1_2/plugins/com.st.stm32cube.ide.mcu.externaltools.gnu-tools-for-stm32.12.3.rel1.linux64_1.0.100.202403111256/tools/bin/../lib/gcc/arm-none-eabi/12.3.1/thumb/v7e-m/nofp/crtbegin.o

.rodata         0x080007b4        0x0
                0x080007b4                        . = ALIGN (0x4)
 *(.rodata)
 *(.rodata*)
                0x080007b4                        . = ALIGN (0x4)

.ARM.extab      0x080007b4        0x0
                0x080007b4                        . = ALIGN (0x4)
 *(.ARM.extab* .gnu.linkonce.armextab.*)
                0x080007b4                        . = ALIGN (0x4)

.ARM            0x080007b4        0x0
                0x080007b4                        . = ALIGN (0x4)
                0x080007b4                        __exidx_start = .
 *(.ARM.exidx*)
                0x080007b4                        __exidx_end = .
                0x080007b4                        . = ALIGN (0x4)

.preinit_array  0x080007b4        0x0
                0x080007b4                        . = ALIGN (0x4)
                0x080007b4                        PROVIDE (__preinit_array_start = .)
 *(.preinit_array*)
                0x080007b4                        PROVIDE (__preinit_array_end = .)
                0x080007b4                        . = ALIGN (0x4)

.init_array     0x080007b4        0x4
                0x080007b4                        . = ALIGN (0x4)
                0x080007b4                        PROVIDE (__init_array_start = .)
 *(SORT_BY_NAME(.init_array.*))
 *(.init_array*)
 .init_array    0x080007b4        0x4 /opt/st/stm32cubeide_1.15.1_2/plugins/com.st.stm32cube.ide.mcu.externaltools.gnu-tools-for-stm32.12.3.rel1.linux64_1.0.100.202403111256/tools/bin/../lib/gcc/arm-none-eabi/12.3.1/thumb/v7e-m/nofp/crtbegin.o
                0x080007b8                        PROVIDE (__init_array_end = .)
                0x080007b8                        . = ALIGN (0x4)

.fini_array     0x080007b8        0x4
                0x080007b8                        . = ALIGN (0x4)
                [!provide]                        PROVIDE (__fini_array_start = .)
 *(SORT_BY_NAME(.fini_array.*))
 *(.fini_array*)
 .fini_array    0x080007b8        0x4 /opt/st/stm32cubeide_1.15.1_2/plugins/com.st.stm32cube.ide.mcu.externaltools.gnu-tools-for-stm32.12.3.rel1.linux64_1.0.100.202403111256/tools/bin/../lib/gcc/arm-none-eabi/12.3.1/thumb/v7e-m/nofp/crtbegin.o
                [!provide]                        PROVIDE (__fini_array_end = .)
                0x080007bc                        . = ALIGN (0x4)
                0x080007bc                        _sidata = LOADADDR (.data)

.rel.dyn        0x080007bc        0x0
 .rel.iplt      0x080007bc        0x0 /opt/st/stm32cubeide_1.15.1_2/plugins/com.st.stm32cube.ide.mcu.externaltools.gnu-tools-for-stm32.12.3.rel1.linux64_1.0.100.202403111256/tools/bin/../lib/gcc/arm-none-eabi/12.3.1/thumb/v7e-m/nofp/crtbegin.o

.data           0x20000000        0x0 load address 0x080007bc
                0x20000000                        . = ALIGN (0x4)
                0x20000000                        _sdata = .
 *(.data)
 *(.data*)
 *(.RamFunc)
 *(.RamFunc*)
                0x20000000                        . = ALIGN (0x4)
                0x20000000                        _edata = .

.igot.plt       0x20000000        0x0 load address 0x080007bc
 .igot.plt      0x20000000        0x0 /opt/st/stm32cubeide_1.15.1_2/plugins/com.st.stm32cube.ide.mcu.externaltools.gnu-tools-for-stm32.12.3.rel1.linux64_1.0.100.202403111256/tools/bin/../lib/gcc/arm-none-eabi/12.3.1/thumb/v7e-m/nofp/crtbegin.o
                0x20000000                        . = ALIGN (0x4)

.bss            0x20000000     0x1310 load address 0x080007bc
                0x20000000                        _sbss = .
                0x20000000                        __bss_start__ = _sbss
 *(.bss)
 .bss           0x20000000       0x1c /opt/st/stm32cubeide_1.15.1_2/plugins/com.st.stm32cube.ide.mcu.externaltools.gnu-tools-for-stm32.12.3.rel1.linux64_1.0.100.202403111256/tools/bin/../lib/gcc/arm-none-eabi/12.3.1/thumb/v7e-m/nofp/crtbegin.o
 *(.bss*)
 .bss.Task0_Profiler
                0x2000001c        0x4 ./Src/main.o
                0x2000001c                Task0_Profiler
 .bss.Task1_Profiler
                0x20000020        0x4 ./Src/main.o
                0x20000020                Task1_Profiler
 .bss.Task2_Profiler
                0x20000024        0x4 ./Src/main.o
                0x20000024                Task2_Profiler
 .bss.pTask1_Profiler
                0x20000028        0x4 ./Src/main.o
                0x20000028                pTask1_Profiler
 .bss.period_tick
                0x2000002c        0x4 ./Src/osKernel.o
                0x2000002c                period_tick
 .bss.MILLIS_PRESCALER
                0x20000030        0x4 ./Src/osKernel.o
                0x20000030                MILLIS_PRESCALER
 .bss.tcbs      0x20000034       0x18 ./Src/osKernel.o
                0x20000034                tcbs
 .bss.currentPt
                0x2000004c        0x4 ./Src/osKernel.o
                0x2000004c                currentPt
 .bss.TCB_STACK
                0x20000050     0x12c0 ./Src/osKernel.o
                0x20000050                TCB_STACK
 *(COMMON)
                0x20001310                        . = ALIGN (0x4)
                0x20001310                        _ebss = .
                0x20001310                        __bss_end__ = _ebss

._user_heap_stack
                0x20001310      0x600 load address 0x080007bc
                0x20001310                        . = ALIGN (0x8)
                [!provide]                        PROVIDE (end = .)
                0x20001310                        PROVIDE (_end = .)
                0x20001510                        . = (. + _Min_Heap_Size)
 *fill*         0x20001310      0x200 
                0x20001910                        . = (. + _Min_Stack_Size)
 *fill*         0x20001510      0x400 
                0x20001910                        . = ALIGN (0x8)

/DISCARD/
 libc.a(*)
 libm.a(*)
 libgcc.a(*)

.ARM.attributes
                0x00000000       0x2a
 *(.ARM.attributes)
 .ARM.attributes
                0x00000000       0x1e /opt/st/stm32cubeide_1.15.1_2/plugins/com.st.stm32cube.ide.mcu.externaltools.gnu-tools-for-stm32.12.3.rel1.linux64_1.0.100.202403111256/tools/bin/../lib/gcc/arm-none-eabi/12.3.1/thumb/v7e-m/nofp/crti.o
 .ARM.attributes
                0x0000001e       0x2e /opt/st/stm32cubeide_1.15.1_2/plugins/com.st.stm32cube.ide.mcu.externaltools.gnu-tools-for-stm32.12.3.rel1.linux64_1.0.100.202403111256/tools/bin/../lib/gcc/arm-none-eabi/12.3.1/thumb/v7e-m/nofp/crtbegin.o
 .ARM.attributes
                0x0000004c       0x2e ./Src/main.o
 .ARM.attributes
                0x0000007a       0x2e ./Src/osKernel.o
 .ARM.attributes
                0x000000a8       0x2e ./Src/uart.o
 .ARM.attributes
                0x000000d6       0x21 ./Startup/startup_stm32f446retx.o
 .ARM.attributes
                0x000000f7       0x2e /opt/st/stm32cubeide_1.15.1_2/plugins/com.st.stm32cube.ide.mcu.externaltools.gnu-tools-for-stm32.12.3.rel1.linux64_1.0.100.202403111256/tools/bin/../lib/gcc/arm-none-eabi/12.3.1/../../../../arm-none-eabi/lib/thumb/v7e-m/nofp/libc_nano.a(libc_a-init.o)
 .ARM.attributes
                0x00000125       0x1e /opt/st/stm32cubeide_1.15.1_2/plugins/com.st.stm32cube.ide.mcu.externaltools.gnu-tools-for-stm32.12.3.rel1.linux64_1.0.100.202403111256/tools/bin/../lib/gcc/arm-none-eabi/12.3.1/thumb/v7e-m/nofp/crtn.o
OUTPUT(V1_4_PeriodicScheduler_v1.elf elf32-littlearm)
LOAD linker stubs
LOAD /opt/st/stm32cubeide_1.15.1_2/plugins/com.st.stm32cube.ide.mcu.externaltools.gnu-tools-for-stm32.12.3.rel1.linux64_1.0.100.202403111256/tools/bin/../lib/gcc/arm-none-eabi/12.3.1/../../../../arm-none-eabi/lib/thumb/v7e-m/nofp/libc.a
LOAD /opt/st/stm32cubeide_1.15.1_2/plugins/com.st.stm32cube.ide.mcu.externaltools.gnu-tools-for-stm32.12.3.rel1.linux64_1.0.100.202403111256/tools/bin/../lib/gcc/arm-none-eabi/12.3.1/../../../../arm-none-eabi/lib/thumb/v7e-m/nofp/libm.a
LOAD /opt/st/stm32cubeide_1.15.1_2/plugins/com.st.stm32cube.ide.mcu.externaltools.gnu-tools-for-stm32.12.3.rel1.linux64_1.0.100.202403111256/tools/bin/../lib/gcc/arm-none-eabi/12.3.1/thumb/v7e-m/nofp/libgcc.a

.debug_info     0x00000000      0xe5f
 .debug_info    0x00000000      0x1ff ./Src/main.o
 .debug_info    0x000001ff      0x804 ./Src/osKernel.o
 .debug_info    0x00000a03      0x42c ./Src/uart.o
 .debug_info    0x00000e2f       0x30 ./Startup/startup_stm32f446retx.o

.debug_abbrev   0x00000000      0x4c6
 .debug_abbrev  0x00000000      0x105 ./Src/main.o
 .debug_abbrev  0x00000105      0x25b ./Src/osKernel.o
 .debug_abbrev  0x00000360      0x142 ./Src/uart.o
 .debug_abbrev  0x000004a2       0x24 ./Startup/startup_stm32f446retx.o

.debug_aranges  0x00000000      0x128
 .debug_aranges
                0x00000000       0x60 ./Src/main.o
 .debug_aranges
                0x00000060       0x60 ./Src/osKernel.o
 .debug_aranges
                0x000000c0       0x40 ./Src/uart.o
 .debug_aranges
                0x00000100       0x28 ./Startup/startup_stm32f446retx.o

.debug_rnglists
                0x00000000       0xcc
 .debug_rnglists
                0x00000000       0x43 ./Src/main.o
 .debug_rnglists
                0x00000043       0x44 ./Src/osKernel.o
 .debug_rnglists
                0x00000087       0x2c ./Src/uart.o
 .debug_rnglists
                0x000000b3       0x19 ./Startup/startup_stm32f446retx.o

.debug_macro    0x00000000      0xfa5
 .debug_macro   0x00000000      0x1d2 ./Src/main.o
 .debug_macro   0x000001d2       0x61 ./Src/main.o
 .debug_macro   0x00000233       0x24 ./Src/main.o
 .debug_macro   0x00000257       0x43 ./Src/main.o
 .debug_macro   0x0000029a       0x34 ./Src/main.o
 .debug_macro   0x000002ce       0x16 ./Src/main.o
 .debug_macro   0x000002e4       0x9e ./Src/main.o
 .debug_macro   0x00000382      0x369 ./Src/main.o
 .debug_macro   0x000006eb      0x10b ./Src/main.o
 .debug_macro   0x000007f6       0x10 ./Src/main.o
 .debug_macro   0x00000806       0x16 ./Src/main.o
 .debug_macro   0x0000081c       0x43 ./Src/main.o
 .debug_macro   0x0000085f       0x34 ./Src/main.o
 .debug_macro   0x00000893       0x10 ./Src/main.o
 .debug_macro   0x000008a3       0x58 ./Src/main.o
 .debug_macro   0x000008fb       0x8e ./Src/main.o
 .debug_macro   0x00000989       0x1c ./Src/main.o
 .debug_macro   0x000009a5      0x177 ./Src/main.o
 .debug_macro   0x00000b1c       0x16 ./Src/main.o
 .debug_macro   0x00000b32       0x16 ./Src/main.o
 .debug_macro   0x00000b48      0x146 ./Src/main.o
 .debug_macro   0x00000c8e       0x10 ./Src/main.o
 .debug_macro   0x00000c9e      0x11e ./Src/osKernel.o
 .debug_macro   0x00000dbc      0x1e9 ./Src/uart.o

.debug_line     0x00000000     0x1322
 .debug_line    0x00000000      0x66a ./Src/main.o
 .debug_line    0x0000066a      0x5d8 ./Src/osKernel.o
 .debug_line    0x00000c42      0x665 ./Src/uart.o
 .debug_line    0x000012a7       0x7b ./Startup/startup_stm32f446retx.o

.debug_str      0x00000000    0x8f393
 .debug_str     0x00000000    0x8e9ab ./Src/main.o
                              0x8ebc1 (size before relaxing)
 .debug_str     0x0008e9ab      0x79e ./Src/osKernel.o
                              0x8b886 (size before relaxing)
 .debug_str     0x0008f149      0x20b ./Src/uart.o
                              0x8ecf8 (size before relaxing)
 .debug_str     0x0008f354       0x3f ./Startup/startup_stm32f446retx.o
                                 0x76 (size before relaxing)

.comment        0x00000000       0x43
 .comment       0x00000000       0x43 ./Src/main.o
                                 0x44 (size before relaxing)
 .comment       0x00000043       0x44 ./Src/osKernel.o
 .comment       0x00000043       0x44 ./Src/uart.o

.debug_frame    0x00000000      0x32c
 .debug_frame   0x00000000      0x108 ./Src/main.o
 .debug_frame   0x00000108      0x134 ./Src/osKernel.o
 .debug_frame   0x0000023c       0xc4 ./Src/uart.o
 .debug_frame   0x00000300       0x2c /opt/st/stm32cubeide_1.15.1_2/plugins/com.st.stm32cube.ide.mcu.externaltools.gnu-tools-for-stm32.12.3.rel1.linux64_1.0.100.202403111256/tools/bin/../lib/gcc/arm-none-eabi/12.3.1/../../../../arm-none-eabi/lib/thumb/v7e-m/nofp/libc_nano.a(libc_a-init.o)

.debug_line_str
                0x00000000       0x5a
 .debug_line_str
                0x00000000       0x5a ./Startup/startup_stm32f446retx.o
