/home/om/STM32CubeIDE/Chip_headers/Device/ST/STM32F4xx/Include/core_cm4.h:1684:22:__NVIC_EnableIRQ	16	static,ignoring_inline_asm
/home/om/STM32CubeIDE/Chip_headers/Device/ST/STM32F4xx/Include/core_cm4.h:1814:22:__NVIC_SetPriority	16	static
../Src/osKernel.c:45:6:osKernelStackInit	16	static
../Src/osKernel.c:74:9:osKernelAddThreads	24	static,ignoring_inline_asm
../Src/osKernel.c:108:6:osKernelInit	4	static
../Src/osKernel.c:114:6:osKernelLaunch	16	static
../Src/osKernel.c:142:29:SysTick_Handler	0	static,ignoring_inline_asm
../Src/osKernel.c:185:6:osSchedulerLaunch	4	static,ignoring_inline_asm
../Src/osKernel.c:221:6:osThreadYield	4	static
../Src/osKernel.c:231:6:osSchedulerRoundRobin	8	static
../Src/osKernel.c:244:6:tim2_1hz_interrupt_init	8	static
